mise WARN  Config files in ~/dev/dev/個人開発/UBM-Hyogo/.worktrees/task-20260527-232225-wt-13/.mise.toml are not trusted.
Trust them with `mise trust`. See https://mise.jdx.dev/cli/trust.html for more information.

> ubm-hyogo@0.1.0 lint /Users/dm/dev/dev/個人開発/UBM-Hyogo/.worktrees/task-20260527-232225-wt-13
> node scripts/lint-boundaries.mjs && pnpm run lint:deps && node scripts/lint-stablekey-literal.mjs && node scripts/lint-stable-key-update.mjs --strict && pnpm verify:no-inline-style && pnpm -r lint


> ubm-hyogo@0.1.0 lint:deps /Users/dm/dev/dev/個人開発/UBM-Hyogo/.worktrees/task-20260527-232225-wt-13
> rg --files apps packages -g '*.ts' -g '*.tsx' | xargs pnpm dlx dependency-cruiser --config .dependency-cruiser.cjs


✔ no dependency violations found (1905 modules, 2855 dependencies cruised)

[stablekey-literal-lint] OK (mode=warning, scanned=499 files, stableKeys=31)
[stable-key-update-lint] OK (mode=error, scanned=602 files)

> ubm-hyogo@0.1.0 verify:no-inline-style /Users/dm/dev/dev/個人開発/UBM-Hyogo/.worktrees/task-20260527-232225-wt-13
> bash scripts/verify-no-inline-style.sh

verify-no-inline-style: OK
Scope: 6 of 7 workspace projects
packages/contracts lint$ tsc -p tsconfig.json --noEmit
packages/shared lint$ tsc -p tsconfig.json --noEmit
packages/contracts lint: Done
packages/shared lint: Done
packages/integrations lint$ tsc -p tsconfig.json --noEmit
apps/web lint$ tsc -p tsconfig.json --noEmit && eslint 'src/**/*.{ts,tsx}'
packages/integrations/google lint$ tsc -p tsconfig.json --noEmit
packages/integrations lint: Done
packages/integrations/google lint: Done
apps/web lint: Done
apps/api lint$ tsc -p tsconfig.json --noEmit
apps/api lint: Done
