
> @ubm-hyogo/web@0.1.0 test /Users/dm/dev/dev/個人開発/UBM-Hyogo/.worktrees/task-20260522-192533-wt-10/apps/web
> vitest run --passWithNoTests --root=../.. --config=vitest.config.ts apps/web src/lib/adapters

[33mThe CJS build of Vite's Node API is deprecated. See https://vite.dev/guide/troubleshooting.html#vite-cjs-node-api-deprecated for more details.[39m

 RUN  v2.1.9 /Users/dm/dev/dev/個人開発/UBM-Hyogo/.worktrees/task-20260522-192533-wt-10

 ✓ apps/web/src/lib/admin/__tests__/api.spec.ts (27 tests) 860ms
stdout | apps/web/src/lib/fetch/public.spec.ts > fetchPublic > service-binding 経路: env.API_SERVICE.fetch を使う
{ transport: 'service-binding', path: '/health', status: 200 }

stdout | apps/web/src/lib/fetch/public.spec.ts > fetchPublic > PUBLIC_API_BASE_URL を使った外向き fetch
{ transport: 'http-fallback', path: '/v1/foo', status: 200 }

stdout | apps/web/src/lib/fetch/public.spec.ts > fetchPublic > getCloudflareContext throw 時 process.env を fallback として使う
{ transport: 'http-fallback', path: '/v1/bar', status: 200 }

stdout | apps/web/src/lib/fetch/public.spec.ts > fetchPublic > process.env.PUBLIC_API_BASE_URL があれば Cloudflare env より優先する
{ transport: 'http-fallback', path: '/v1/baz', status: 200 }

stdout | apps/web/src/lib/fetch/public.spec.ts > fetchPublic > PUBLIC_API_BASE_URL 未指定なら DEFAULT_BASE_URL
{ transport: 'http-fallback', path: '/x', status: 200 }

stdout | apps/web/src/lib/fetch/public.spec.ts > fetchPublic > revalidate と headers を上書きできる
{ transport: 'service-binding', path: '/x', status: 200 }

stdout | apps/web/src/lib/fetch/public.spec.ts > fetchPublic > 非 2xx でエラー throw
{ transport: 'http-fallback', path: '/oops', status: 500 }

stdout | apps/web/src/lib/fetch/public.spec.ts > fetchPublicOrNotFound > 200 で JSON を返す
{ transport: 'http-fallback', path: '/v1/x', status: 200 }

stdout | apps/web/src/lib/fetch/public.spec.ts > fetchPublicOrNotFound > 404 で FetchPublicNotFoundError
{ transport: 'http-fallback', path: '/v1/missing', status: 404 }

stdout | apps/web/src/lib/fetch/public.spec.ts > fetchPublicOrNotFound > 5xx で 通常 Error
{ transport: 'http-fallback', path: '/v1/x', status: 503 }

stdout | apps/web/src/lib/fetch/public.spec.ts > fetchPublicOrNotFound > revalidate オプションを伝搬する
{ transport: 'service-binding', path: '/v1/x', status: 200 }

stdout | apps/web/src/lib/fetch/public.spec.ts > getServiceBinding env guard regression (AC-R-01..R-05) > [AC-R-02] production context: PUBLIC_API_BASE_URL 明示でも service binding が呼ばれる
{ transport: 'service-binding', path: '/health', status: 200 }

stdout | apps/web/src/lib/fetch/public.spec.ts > getServiceBinding env guard regression (AC-R-01..R-05) > [AC-R-03] CI without Playwright flag: PUBLIC_API_BASE_URL 明示でも service binding が呼ばれる
{ transport: 'service-binding', path: '/health', status: 200 }

stdout | apps/web/src/lib/fetch/public.spec.ts > getServiceBinding env guard regression (AC-R-01..R-05) > [AC-R-01] NODE_ENV=test: PUBLIC_API_BASE_URL 明示で global.fetch が呼ばれる
{ transport: 'http-fallback', path: '/health', status: 200 }

stdout | apps/web/src/lib/fetch/public.spec.ts > getServiceBinding env guard regression (AC-R-01..R-05) > [edge-1] staging: PUBLIC_API_BASE_URL 未設定なら service binding が呼ばれる
{ transport: 'service-binding', path: '/health', status: 200 }

stdout | apps/web/src/lib/fetch/public.spec.ts > getServiceBinding env guard regression (AC-R-01..R-05) > [edge-2] local dev: service binding 不在で global.fetch が呼ばれる
{ transport: 'http-fallback', path: '/health', status: 200 }

stdout | apps/web/src/lib/fetch/public.spec.ts > getServiceBinding env guard regression (AC-R-01..R-05) > [edge-3] PLAYWRIGHT_TEST=1: PUBLIC_API_BASE_URL 明示で global.fetch が呼ばれる
{ transport: 'http-fallback', path: '/health', status: 200 }

 ✓ apps/web/src/lib/fetch/public.spec.ts (18 tests) 1215ms
   ✓ getServiceBinding env guard regression (AC-R-01..R-05) > [AC-R-03] CI without Playwright flag: PUBLIC_API_BASE_URL 明示でも service binding が呼ばれる 334ms
 ✓ apps/web/src/components/admin/hooks/__tests__/useSchemaDiffBulkSelection.spec.ts (11 tests) 3712ms
   ✓ useSchemaDiffBulkSelection > HOOK-03 breakdown が unresolved / changed / total を正しくカウント 1291ms
   ✓ useSchemaDiffBulkSelection > HOOK-04 openModal で modalOpen=true & rows 初期化 466ms
   ✓ useSchemaDiffBulkSelection > HOOK-08 submit 部分失敗時 失敗行のみ残り submitStatus=error / errorMessage がセット、modal open のまま 507ms
   ✓ useSchemaDiffBulkSelection > HOOK-10 submit helper throw 時も modal を復旧し全行 error にする 417ms
 ✓ apps/web/src/features/admin/hooks/__tests__/useAdminMutation.spec.ts (12 tests) 2961ms
   ✓ useAdminMutation > TC-01: success path calls fetch / onSuccess / router.refresh / toast 906ms
   ✓ useAdminMutation > TC-03: 401 throws AuthRequiredError and redirects to login 472ms
   ✓ useAdminMutation > TC-06: malformed error json falls back to default message 361ms
   ✓ useAdminMutation > TC-08: onError callback fires on failure 499ms
 ✓ apps/web/src/lib/auth.spec.ts (40 tests) 6631ms
   ✓ buildAuthConfig > getAuth > dynamic import で AuthRuntime を返し、二回目は cache される 5386ms
   ✓ buildAuthConfig > jwt encode/decode > encode は secret 配列の先頭を採用する 306ms
 ✓ apps/web/src/components/admin/__tests__/IdentityConflictRow.spec.tsx (9 tests) 13468ms
   ✓ IdentityConflictRow > idle 段階で merge / dismiss ボタンと conflict メタを表示する 5071ms
   ✓ IdentityConflictRow > merge → 確認1 → 次へ で確認2 (理由入力) に進み、空理由は実行不可 1035ms
   ✓ IdentityConflictRow > merge 実行で trigger に { targetMemberId, reason } を送る (happy) 712ms
   ✓ IdentityConflictRow > merge 失敗 (409) で modal は閉じず、reason / error が残る 2599ms
   ✓ IdentityConflictRow > merge 失敗 (400) でも modal は閉じず inline error 表示 2342ms
   ✓ IdentityConflictRow > dismiss で /dismiss endpoint に { reason } を送る 422ms
   ✓ IdentityConflictRow > dismiss 失敗 (409) で alert が出て modal は残る 720ms
   ✓ IdentityConflictRow > merge-confirm キャンセルで idle に戻り、reason はリセットされる 453ms
 ✓ apps/web/src/components/admin/__tests__/AuditLogPanel.component.spec.tsx (39 tests) 11788ms
   ✓ AuditLogPanel > masks nested PII before JSON reaches visible DOM 505ms
   ✓ AuditLogPanel > renders collapsed summaries and no edit/delete/rerun actions 5507ms
   ✓ AuditLogPanel > renders empty and error states 2220ms
   ✓ AuditLogPanel — render 分岐 > maskedBefore のみあるケース 573ms
   ✓ AuditLogPanel — render 分岐 > values の各フィールドが defaultValue として反映される 513ms
   ✓ AuditLogPanel — render 分岐 > values 未指定 (undefined) でも空文字 default で描画 452ms
 ✓ apps/web/src/components/admin/__tests__/MeetingPanel.component.spec.tsx (17 tests) 14974ms
   ✓ MeetingPanel.filterCandidates > 既存 attendance を初期状態から disabled にする 4252ms
   ✓ MeetingPanel — empty / mutation / authz > empty: meetings.items=[] かつ candidates=[] でフォームと 0 件のみ表示 1974ms
   ✓ MeetingPanel — empty / mutation / authz > createMeeting 成功: 引数が正しく入力をクリアして toast 表示 3132ms
   ✓ MeetingPanel — empty / mutation / authz > createMeeting: note 空の場合は null を渡す 317ms
   ✓ MeetingPanel — empty / mutation / authz > createMeeting authz-fail (403): toast にエラー表示 899ms
   ✓ MeetingPanel — empty / mutation / authz > createMeeting バリデーション: title 空または heldOn が不正だと API 呼ばれない 331ms
   ✓ MeetingPanel — empty / mutation / authz > addAttendance 422: 削除済み会員 toast 542ms
   ✓ MeetingPanel — empty / mutation / authz > addAttendance 409: 既に出席登録 toast 1003ms
   ✓ MeetingPanel — empty / mutation / authz > addAttendance その他エラー: 登録に失敗 toast 347ms
   ✓ MeetingPanel — empty / mutation / authz > removeAttendance 成功: 出席者リストから削除 559ms
   ✓ MeetingPanel — empty / mutation / authz > removeAttendance 失敗: 削除に失敗 toast 733ms
   ✓ MeetingPanel — empty / mutation / authz > 編集 details から updateMeeting を呼び、MVP 範囲外の CSV リンクは表示しない 553ms
 ✓ apps/web/src/components/admin/__tests__/SchemaDiffPanel.component.spec.tsx (18 tests) 18889ms
   ✓ SchemaDiffPanel > happy: 4 ペインに分類して見出しと total を表示する 3168ms
   ✓ SchemaDiffPanel > empty: items=[] で各ペインに「なし」表示、total=0 1424ms
   ✓ SchemaDiffPanel > mutation 成功: 割当→postSchemaAlias 呼出、toast/refresh、form クローズ 4983ms
   ✓ SchemaDiffPanel > mutation 失敗 (authz-fail): 403 forbidden で role=alert、form は閉じない 989ms
   ✓ SchemaDiffPanel > UI-02 retryable continuation: status で「Back-fill 再試行可能」と補助文を表示し、form は開いたまま 703ms
   ✓ SchemaDiffPanel > UI-03 422 validation error: alert で「入力内容に誤り」を含む 1300ms
   ✓ SchemaDiffPanel > UI-04 409 conflict: alert で「他の操作と競合」を含む 516ms
   ✓ SchemaDiffPanel > UI-05 retryable 後に再 submit→200 success: retryable label が消え success label が出る 345ms
   ✓ SchemaDiffPanel > questionId が null の diff: alias 割当不可の alert を表示 314ms
   ✓ SchemaDiffPanel > BULK-PANEL-01 Bulk Resolve トグルで unresolved / changed 行に checkbox 描画、added/removed には出さない 1060ms
   ✓ SchemaDiffPanel > BULK-PANEL-03 0 件選択時に Bulk Resolve 確定 button が disabled 512ms
   ✓ SchemaDiffPanel > BULK-PANEL-03b 51 件選択時は確定 disabled かつ role=alert で上限理由を表示 1775ms
   ✓ SchemaDiffPanel > BULK-PANEL-03c 50 件選択時は警告なしで modal を開ける 1517ms
 ✓ apps/web/app/(admin)/admin/meetings/[id]/__tests__/AttendanceCsvImportPanel.spec.tsx (7 tests) 1830ms
   ✓ AttendanceCsvImportPanel > case#12: upload → preview 遷移 (行別エラー render) 775ms
   ✓ AttendanceCsvImportPanel > F8: parsing/preview から reset で idle に戻る 326ms
 ✓ apps/web/src/components/ui/__tests__/primitives.component.spec.tsx (26 tests) 1357ms
 ✓ apps/web/src/components/admin/__tests__/TagsQueueResolveDrawer.spec.tsx (18 tests) 3040ms
   ✓ TagsQueueResolveDrawer > TC-D-01: open=true で role=dialog + aria-modal=true 1318ms
 ✓ apps/web/app/profile/_components/RequestActionPanel.component.spec.tsx (11 tests) 425ms
 ✓ apps/web/src/components/ui/__tests__/parallel09-primitives.component.spec.tsx (26 tests) 2368ms
   ✓ FormField (G9-1) > error 時に aria-invalid と aria-describedby を入力に注入する 416ms
   ✓ EmptyState (G9-2) > 4 props (icon/title/description/action) を受け付ける 374ms
 ✓ apps/web/app/__tests__/error.component.spec.tsx (13 tests) 1367ms
   ✓ RouteError > TC-U-05: reset ボタンクリックで reset prop が呼ばれる > invokes reset once on click 345ms
 ✓ apps/web/src/__tests__/static-invariants.runtime.spec.ts (5 tests) 922ms
   ✓ static invariants / 06b > S-03: apps/web 全体に '/no-access' リテラルが現れない 776ms
 ✓ apps/web/src/components/admin/__tests__/TagQueuePanel.component.spec.tsx (9 tests) 2393ms
   ✓ TagQueuePanel > items 複数 + 先頭が初期選択 → review pane に詳細表示 1743ms
 ✓ apps/web/src/lib/api/me-requests.spec.ts (15 tests) 129ms
 ✓ apps/web/app/profile/_components/VisibilityRequestDialog.component.spec.tsx (8 tests) 3243ms
   ✓ VisibilityRequestDialog > TC-U-05: open=false で dom 出ない / open=true で role=dialog 出現 1310ms
   ✓ VisibilityRequestDialog > TC-U-08: 202 → onSubmitted 呼ばれて onClose する 641ms
   ✓ VisibilityRequestDialog > 409 → エラー banner を出す（onClose しない） 464ms
   ✓ VisibilityRequestDialog > network error は retry CTA を出す 405ms
 ✓ apps/web/src/lib/fetch/authed.spec.ts (13 tests) 119ms
 ✓ apps/web/src/__tests__/tokens.runtime.spec.ts (9 tests) 48ms
 ✓ apps/web/src/lib/__tests__/build-time-env.spec.ts (4 tests) 108ms
 ✓ apps/web/app/profile/_components/DeleteRequestDialog.component.spec.tsx (6 tests) 1029ms
 ✓ apps/web/src/features/admin/components/_dashboard/StatusDistribution.spec.tsx (7 tests) 935ms
   ✓ StatusDistribution > TC-CHART-01: renders placeholder when slices is undefined 621ms
stdout | apps/web/src/lib/api/__tests__/public.spec.ts > public api wrapper > getStats: schema strict parse を経由する
{ transport: 'http-fallback', path: '/public/stats', status: 200 }

stdout | apps/web/src/lib/api/__tests__/public.spec.ts > public api wrapper > getStats: 不正な schema は throw する
{ transport: 'http-fallback', path: '/public/stats', status: 200 }

stdout | apps/web/src/lib/api/__tests__/public.spec.ts > public api wrapper > listMembers: 既定値を query に乗せず公開 endpoint を叩く
{ transport: 'http-fallback', path: '/public/members', status: 200 }

stdout | apps/web/src/lib/api/__tests__/public.spec.ts > public api wrapper > listMembers: q / density / tag を query に展開する
{ transport: 'http-fallback', path: '/public/members', status: 200 }

stdout | apps/web/src/lib/api/__tests__/public.spec.ts > public api wrapper > getMemberProfile: 404 を FetchPublicNotFoundError に変換する
{
  transport: 'http-fallback',
  path: '/public/members/missing',
  status: 404
}

stdout | apps/web/src/lib/api/__tests__/public.spec.ts > public api wrapper > getFormPreview: strict parse OK
{
  transport: 'http-fallback',
  path: '/public/form-preview',
  status: 200
}

 ✓ apps/web/src/lib/api/__tests__/public.spec.ts (6 tests) 211ms
 ✓ apps/web/src/components/admin/__tests__/SchemaDiffBulkResolveModal.component.spec.tsx (10 tests) 2670ms
   ✓ SchemaDiffBulkResolveModal > MODAL-01 rows の数だけ行を描画する 554ms
   ✓ SchemaDiffBulkResolveModal > MODAL-08 jest-axe violation 0 1298ms
 ✓ apps/web/src/lib/auth/verify-magic-link.spec.ts (15 tests) 307ms
 ✓ apps/web/app/api/auth/callback/email/route.route.spec.ts (11 tests) 410ms
 ✓ apps/web/src/components/admin/__tests__/primitive-adoption.spec.ts (23 tests) 78ms
 ✓ apps/web/src/components/admin/__tests__/RequestQueuePanel.component.spec.tsx (6 tests) 3356ms
   ✓ RequestQueuePanel > TC-21: 初期表示で pending 一覧と type タブを描画 520ms
   ✓ RequestQueuePanel > TC-22: 承認ボタンで confirmation modal が開く 1332ms
   ✓ RequestQueuePanel > TC-23: delete_request 承認で破壊的操作の警告が出る 529ms
   ✓ RequestQueuePanel > TC-25: 409 エラー時は他 admin 処理済メッセージを表示 377ms
   ✓ RequestQueuePanel > TC-26: nextCursor があれば次ページへ遷移できる 570ms
 ✓ apps/web/src/components/public/__tests__/MemberDetailSections.component.spec.tsx (5 tests) 325ms
 ✓ apps/web/src/lib/auth/magic-link-client.spec.ts (11 tests) 236ms
 ✓ apps/web/src/lib/__tests__/logger.spec.ts (8 tests) 70ms
 ✓ apps/web/src/lib/url/__tests__/members-search.spec.ts (11 tests) 61ms
 ✓ apps/web/src/features/admin/components/__tests__/MembersTable.spec.tsx (6 tests) 2183ms
   ✓ MembersTable > a11y violations 0 1376ms
 ✓ apps/web/app/api/me/[...path]/route.route.spec.ts (3 tests) 556ms
   ✓ /api/me/[...path] proxy > session が無い場合は upstream に触らず 401 を返す 384ms
 ✓ apps/web/src/lib/api/__tests__/me-requests-client.spec.ts (7 tests) 244ms
 ✓ apps/web/app/login/_components/MagicLinkForm.component.spec.tsx (2 tests) 3779ms
   ✓ MagicLinkForm cooldown / U-03 > submit 後 60s cooldown でカウントダウンし 0 で再有効化 2880ms
   ✓ MagicLinkForm cooldown / U-03 > 送信失敗時は local error ではなく URL query state=error に遷移する 890ms
 ✓ apps/web/src/components/public/__tests__/CallToActionCTA.component.spec.tsx (9 tests) 4158ms
   ✓ CallToActionCTA > renders heading / body / cta with default props (AC-1, AC-5) 2314ms
   ✓ CallToActionCTA > binds responderUrl to anchor href (AC-4) 457ms
   ✓ CallToActionCTA > eyebrow text 'FOR MEMBERS' is rendered (visual contract) 556ms
 ✓ apps/web/src/lib/seo/__tests__/site-metadata.spec.ts (7 tests) 285ms
 ✓ apps/web/src/lib/__tests__/env.spec.ts (10 tests) 296ms
 ✓ apps/web/app/login/_components/__tests__/LoginPanel.component.spec.tsx (7 tests) 3825ms
   ✓ LoginPanel / 6 状態 > input: form / Google ボタン / register リンクが出る 2629ms
   ✓ LoginPanel / 6 状態 > error: alert Banner と再試行リンク 323ms
 ✓ apps/web/app/api/me/delete-request/route.route.spec.ts (5 tests) 403ms
 ✓ apps/web/src/components/public/__tests__/FormPreviewSections.component.spec.tsx (3 tests) 898ms
   ✓ FormPreviewSections > groups fields by sectionKey and shows visibility label / required badge (happy) 675ms
 ✓ apps/web/app/profile/_components/__tests__/VisibilityRequest.component.spec.tsx (4 tests) 1491ms
   ✓ VisibilityRequest > public → 公開停止申請を成功させる 1020ms
 ✓ apps/web/src/components/ui/__tests__/task10-contract.component.spec.tsx (3 tests) 977ms
   ✓ task-10 ui primitive contract > keeps className merge and accessibility surfaces available 831ms
 ✓ apps/web/app/api/me/visibility-request/route.route.spec.ts (4 tests) 1380ms
   ✓ POST /api/me/visibility-request > forwards JSON body to upstream /me/visibility-request and returns 202 492ms
   ✓ POST /api/me/visibility-request > maps AuthRequiredError to 401 624ms
 ✓ apps/web/src/lib/__tests__/useAdminMutation.spec.tsx (4 tests) 2134ms
   ✓ useAdminMutation (G9-8/9) > 正常系: mutationFn を呼び onSuccess が発火する 941ms
   ✓ useAdminMutation (G9-8/9) > concurrent guard: ongoing 中の 2nd call は undefined を返し mutationFn を再実行しない 492ms
   ✓ useAdminMutation (G9-8/9) > reset で error / isLoading が初期化される 408ms
 ✓ apps/web/src/lib/url/login-query.spec.ts (16 tests) 540ms
   ✓ parseLoginQuery / U-02 fallback > 不正な email は undefined になり state は input にフォールバック 326ms
 ✓ apps/web/src/features/admin/components/__tests__/BulkActionBar.spec.tsx (5 tests) 6459ms
   ✓ BulkActionBar > TC-BAB-02: publish click でシリアル呼出 2602ms
   ✓ BulkActionBar > TC-BAB-03: hide click 1119ms
   ✓ BulkActionBar > TC-BAB-04: soft-delete click 464ms
   ✓ BulkActionBar > a11y violations 0 2003ms
 ✓ apps/web/app/(admin)/layout.spec.tsx (4 tests) 7599ms
   ✓ AdminLayout > admin session は wrapper に data-theme='cool' / data-route-group='admin' / data-testid='admin-shell' を付与し chrome 要素を含む 2244ms
   ✓ AdminLayout > admin session render で axe critical 違反 0 5099ms
 ✓ apps/web/src/components/public/__tests__/MemberCard.component.spec.tsx (3 tests) 2826ms
   ✓ MemberCard > renders all member fields and link to detail page (happy) 2547ms
 ✓ apps/web/app/profile/_components/__tests__/DeleteRequest.component.spec.tsx (3 tests) 3675ms
   ✓ DeleteRequest > 退会申請を成功させ accepted 表示 3121ms
   ✓ DeleteRequest > 409 を二重申請メッセージで表示 518ms
 ✓ apps/web/src/features/admin/components/__tests__/MembersFilters.spec.tsx (6 tests) 6412ms
   ✓ MembersFilters > TC-MF-01: zone select 変更で onChange 発火 1246ms
   ✓ MembersFilters > TC-MF-02: filter select 変更 692ms
   ✓ MembersFilters > TC-MF-03: sort select 変更 314ms
   ✓ MembersFilters > TC-MF-04: 自由検索は onBlur で確定 315ms
   ✓ MembersFilters > TC-MF-05: loading=true で「更新中…」表示 1197ms
   ✓ MembersFilters > a11y violations 0 2588ms
 ✓ apps/web/src/lib/__tests__/boundary.spec.ts (3 tests) 21035ms
   ✓ AC-3 / AC-4: data access boundary > apps/web から D1Database を import すると boundary lint が error 7531ms
   ✓ AC-3 / AC-4: data access boundary > apps/web から apps/api を import すると boundary lint が error 6993ms
   ✓ AC-3 / AC-4: data access boundary > 通常コードでは boundary lint が pass する 6507ms
 ✓ apps/web/src/components/public/__tests__/MemberTable.spec.tsx (3 tests) 2935ms
   ✓ MemberTable > ヘッダ行 5 列と各 item の行をレンダーする 2708ms
 ✓ apps/web/src/components/public/__tests__/MemberFilters.client.spec.tsx (3 tests) 3034ms
   ✓ MemberFilters > Search / 2 つの Select / Segmented / DensityToggle をレンダーする 2013ms
   ✓ MemberFilters > tag が指定済みの場合 active-tags リストを描画し × ボタンで削除できる 947ms
 ✓ apps/web/src/lib/session.spec.ts (7 tests) 263ms
 ✓ apps/web/src/components/layout/__tests__/AdminSidebar.component.spec.tsx (4 tests) 2713ms
   ✓ AdminSidebar > 管理メニュー nav が aria-label 付きで存在する (accessibility) 1918ms
   ✓ AdminSidebar > 10 件のリンクをラベルと href の組で全件レンダーする 640ms
 ✓ apps/web/app/profile/_components/PublicVisibilityBanner.component.spec.tsx (6 tests) 1015ms
   ✓ PublicVisibilityBanner DOM > data-region と aria-label を持つ section を描画する 1006ms
 ✓ apps/web/src/features/admin/components/__tests__/KpiGrid.spec.tsx (5 tests) 1755ms
   ✓ KpiGrid > TC-KG-01: 4 セルが描画される 1063ms
   ✓ KpiGrid > a11y violations 0 517ms
 ✓ apps/web/src/features/admin/components/__tests__/MemberDrawer.spec.tsx (1 test) 1130ms
   ✓ MemberDrawer > 会員ごとのタグ管理リンクを percent-encoded href で表示する 1125ms
 ✓ apps/web/src/components/public/__tests__/MemberLinks.component.spec.tsx (3 tests) 142ms
 ✓ apps/web/src/components/feedback/__tests__/EmptyState.component.spec.tsx (3 tests) 623ms
   ✓ EmptyState > renders title, description and reset link with default label (happy) 395ms
 ✓ apps/web/src/components/public/__tests__/ProfileHero.component.spec.tsx (3 tests) 1667ms
   ✓ ProfileHero > renders all fields and badges when zone and membershipType present (happy) 1503ms
 ✓ apps/web/app/profile/loading.spec.tsx (4 tests) 918ms
   ✓ ProfileLoading > TC-01: role=status と aria-busy を持つ 786ms
 ✓ apps/web/app/login/error.spec.tsx (3 tests) 1502ms
   ✓ LoginError > moves focus to the heading and announces the alert assertively 1147ms
 ✓ apps/web/src/components/public/__tests__/Stats.component.spec.tsx (3 tests) 1190ms
   ✓ Stats > renders 4 anchored stat tiles 1140ms
 ✓ apps/web/src/lib/csv/__tests__/parse-attendance.spec.ts (6 tests) 63ms
 ✓ apps/web/src/components/public/__tests__/DensityToggle.client.spec.tsx (3 tests) 1821ms
   ✓ DensityToggle > 3 種の radio を radiogroup として描画し value で選択状態を反映する 1621ms
stdout | apps/web/scripts/__tests__/lhci-auth-storage.spec.ts > lhci-auth-storage > writes a storage state with authjs.session-token cookie
[lhci-auth-storage] wrote /var/folders/35/t3gvbkdd2w55yk8csmzskzrw0000gn/T/lhci-auth-VqY52W/storage.json

 ✓ apps/web/scripts/__tests__/lhci-auth-storage.spec.ts (2 tests) 84ms
 ✓ apps/web/src/components/ui/Toast.spec.tsx (3 tests) 588ms
   ✓ Toast variants > default variant は role=status に出る 500ms
 ✓ apps/web/src/test-utils/fetch-mock.spec.ts (5 tests) 56ms
 ✓ apps/web/app/(admin)/admin/__tests__/error.component.spec.tsx (3 tests) 613ms
   ✓ AdminError > focuses the h1 on mount with preventScroll 389ms
 ✓ apps/web/src/components/public/__tests__/Hero.component.spec.tsx (3 tests) 553ms
   ✓ Hero > renders title, subtitle and both CTAs (happy) 399ms
 ✓ apps/web/app/__tests__/layout.spec.tsx (2 tests) 13ms
 ✓ apps/web/app/login/_components/__tests__/LoginCard.component.spec.tsx (5 tests) 502ms
 ✓ apps/web/src/components/public/__tests__/Timeline.component.spec.tsx (3 tests) 946ms
   ✓ Timeline > renders entries in given order with time[dateTime] (happy) 501ms
   ✓ Timeline > renders EmptyState when entries=[] (empty) 364ms
 ✓ apps/web/src/lib/auth/oauth-client.spec.ts (5 tests) 68ms
 ↓ apps/web/src/__tests__/build-output.runtime.spec.ts (1 test | 1 skipped)
 ✓ apps/web/app/(public)/layout.spec.tsx (3 tests) 1299ms
   ✓ PublicLayout > wrapper に data-theme='warm' / data-route-group='public' / data-testid='public-shell' を付与する 303ms
   ✓ PublicLayout > axe critical 違反 0 748ms
 ✓ apps/web/src/__tests__/instrumentation-client.runtime.spec.ts (2 tests) 124ms
 ✓ apps/web/src/lib/admin/dashboard-ui.spec.ts (4 tests) 25ms
 ✓ apps/web/src/lib/url/login-redirect.spec.ts (8 tests) 8ms
 ✓ apps/web/app/profile/__tests__/error.component.spec.tsx (3 tests) 508ms
   ✓ ProfileError > focuses the h1 on mount with preventScroll 306ms
 ✓ apps/web/app/(member)/layout.spec.tsx (3 tests) 1626ms
   ✓ MemberLayout > axe critical 違反 0 1494ms
 ✓ apps/web/app/__tests__/not-found.spec.tsx (4 tests) 2939ms
   ✓ NotFound > has data-page=not-found and aria-labelledby attributes 1059ms
   ✓ NotFound > renders Card + EmptyState structure 735ms
   ✓ NotFound > renders two link actions pointing to / and /members 1081ms
 ✓ apps/web/src/components/auth/__tests__/SignOutButton.component.spec.tsx (3 tests) 1008ms
   ✓ SignOutButton > uses custom label and redirectTo when provided 845ms
 ✓ apps/web/app/__tests__/loading.spec.tsx (4 tests) 295ms
 ✓ apps/web/src/components/public/__tests__/RegisterCallout.component.spec.tsx (3 tests) 326ms
 ✓ apps/web/app/__smoke__/_lib/fixture-guard.spec.ts (4 tests) 10ms
 ✓ apps/web/app/profile/_components/RequestErrorMessage.component.spec.tsx (9 tests) 905ms
   ✓ RequestErrorMessage > renders alert with non-empty text for DUPLICATE_PENDING_REQUEST 465ms
 ✓ apps/web/src/components/public/__tests__/MemberGrid.spec.tsx (3 tests) 444ms
 ✓ apps/web/src/lib/a11y/__tests__/useAutoFocusOnMount.spec.tsx (3 tests) 350ms
 ✓ apps/web/src/features/admin/components/__tests__/RecentActionsTable.spec.tsx (4 tests) 1463ms
   ✓ RecentActionsTable > TC-RAT-02: items 5 件で tbody 5 行 422ms
   ✓ RecentActionsTable > TC-RAT-03: 監査ログリンク 522ms
 ✓ apps/web/src/components/public/__tests__/MemberActivity.component.spec.tsx (2 tests) 559ms
 ✓ apps/web/src/components/public/__tests__/PublicHeader.spec.tsx (2 tests) 516ms
   ✓ PublicHeader > 3 件のナビ項目をラベルと href の組で全件レンダーする 336ms
 ✓ apps/web/src/components/admin/__tests__/_tagQueueStatus.spec.ts (3 tests) 26ms
 ✓ apps/web/src/components/public/__tests__/PublicFooter.spec.tsx (2 tests) 1029ms
   ✓ PublicFooter > プライバシー / 利用規約リンクと copyright をレンダーする 946ms
 ✓ apps/web/src/components/public/__tests__/ZoneIntro.spec.tsx (2 tests) 907ms
   ✓ ZoneIntro > セクション見出しと 3 ゾーンカードをレンダーする 797ms
 ✓ apps/web/app/profile/_components/RequestPendingBanner.component.spec.tsx (3 tests) 602ms
   ✓ RequestPendingBanner > visibility_request 文言 + role=status + aria-live=polite 453ms
 ✓ apps/web/app/login/__tests__/error.component.spec.tsx (2 tests) 716ms
   ✓ LoginError > focuses the h1 on mount with preventScroll 498ms
 ✓ apps/web/src/components/legal/__tests__/LegalProse.component.spec.tsx (2 tests) 187ms
 ✓ apps/web/app/error.spec.tsx (2 tests) 939ms
   ✓ RouteError > mounts with focus on the error heading 653ms
 ✓ apps/web/src/components/public/__tests__/MemberTags.component.spec.tsx (2 tests) 201ms
 ✓ apps/web/src/lib/url/login-state.spec.ts (2 tests) 13ms
 ✓ apps/web/src/lib/__tests__/sentry-capture.spec.ts (5 tests) 525ms
 ✓ apps/web/app/login/loading.spec.tsx (1 test) 336ms
   ✓ LoginLoading > renders an accessible loading status 334ms
 ✓ apps/web/src/lib/__tests__/is-browser.spec.ts (3 tests) 9ms
 ✓ apps/web/src/lib/tones.spec.ts (7 tests) 12ms
 ✓ apps/web/src/lib/constants/__tests__/form.spec.ts (1 test) 5ms
 ✓ apps/web/app/(admin)/admin/audit/page.page.spec.ts (2 tests) 23ms
 ✓ apps/web/src/__tests__/instrumentation.runtime.spec.ts (2 tests) 390ms
   ✓ instrumentation register() guard > T-07: 2 回呼び出しても Sentry.init が 1 回しか呼ばれない 341ms
 ✓ apps/web/src/components/layout/__tests__/MemberHeader.spec.tsx (1 test) 478ms
   ✓ MemberHeader > マイページリンクとログアウトボタンをレンダーする 474ms
 ✓ apps/web/src/lib/__tests__/logger.runtime.spec.ts (2 tests) 59ms
 ✓ apps/web/src/lib/__tests__/is-browser.node.spec.ts (2 tests) 19ms

 Test Files  115 passed | 1 skipped (116)
      Tests  786 passed | 1 skipped (787)
   Start at  22:53:46
   Duration  192.19s (transform 26.37s, setup 0ms, collect 187.21s, tests 215.76s, environment 487.27s, prepare 106.99s)

