# Phase 11 — Grep Gates Log

Executed: 2026-05-22

G-1 OK apps/web/app/page.tsx
G-1 OK apps/web/app/(public)/members/page.tsx
G-1 OK apps/web/app/(public)/members/[id]/page.tsx
G-1 OK apps/web/app/(public)/register/page.tsx
G-1 OK apps/web/app/privacy/page.tsx
G-1 OK apps/web/app/terms/page.tsx
G-1 OK apps/web/app/login/page.tsx
G-1 OK apps/web/app/profile/page.tsx
G-1 OK apps/web/app/(admin)/admin/page.tsx
G-1 OK apps/web/app/(admin)/admin/members/page.tsx
G-1 OK apps/web/app/(admin)/admin/tags/page.tsx
G-1 OK apps/web/app/(admin)/admin/meetings/page.tsx
G-1 OK apps/web/app/(admin)/admin/schema/page.tsx
G-1 OK apps/web/app/(admin)/admin/requests/page.tsx
G-1 OK apps/web/app/(admin)/admin/identity-conflicts/page.tsx
G-1 OK apps/web/app/(admin)/admin/audit/page.tsx
apps/web/src/lib/__tests__/boundary.spec.ts:1:// AC-3 / AC-4: apps/web から apps/api/src/repository および D1Database を直接 import すると
apps/web/src/lib/__tests__/boundary.spec.ts:32:  it("apps/web から D1Database を import すると boundary lint が error", () => {
apps/web/src/lib/__tests__/boundary.spec.ts:34:      `import type { D1Database } from "@cloudflare/workers-types";\nexport const x: D1Database = {} as D1Database;\n`,
apps/web/app/(admin)/admin/error.tsx:22:  const isDev = process.env.NODE_ENV !== "production";
apps/web/app/(dev)/layout.tsx:5:  if (process.env.NODE_ENV === "production" && process.env.ENABLE_PRIMITIVES_HARNESS !== "1") {
apps/web/app/error.tsx:33:  const isDev = process.env.NODE_ENV !== "production";
apps/web/app/profile/error.tsx:27:  const isDev = process.env.NODE_ENV !== "production";
apps/web/app/__tests__/layout.spec.tsx:9:  process.env.ENVIRONMENT = "local";
apps/web/app/__tests__/layout.spec.tsx:10:  process.env.NEXT_PUBLIC_API_BASE_URL = "http://localhost:8787";
apps/web/app/visual-harness/[name]/page.tsx:23:  if (process.env.NODE_ENV === "production") notFound();
apps/web/src/components/admin/hooks/useSchemaDiffBulkSelection.ts:2:// Issue #776: schema alias bulk resolve — selection state / modal lifecycle / submit を内包する hook。
apps/web/src/components/admin/SchemaDiffPanel.tsx:145:  // Issue #776: bulk resolve mode
apps/web/src/styles/tokens.css:6:  --ubm-color-surface-bg: #f5f4f1;
apps/web/src/styles/tokens.css:7:  --ubm-color-surface-bg-2: #ebe9e3;
apps/web/src/styles/tokens.css:8:  --ubm-color-surface-panel: #ffffff;
apps/web/src/styles/tokens.css:9:  --ubm-color-surface-panel-2: #fafaf8;
apps/web/src/styles/tokens.css:12:  --ubm-color-text-primary: #1a1917;
apps/web/src/styles/tokens.css:13:  --ubm-color-text-secondary: #57554e;
apps/web/src/styles/tokens.css:14:  --ubm-color-text-muted: #8a877e;
apps/web/src/styles/tokens.css:17:  --ubm-color-border-default: #e7e5df;
apps/web/src/styles/tokens.css:18:  --ubm-color-border-strong: #d6d3cc;
apps/web/src/styles/tokens.css:102:  --ubm-color-surface-bg: #f7f2ea;
apps/web/src/styles/tokens.css:103:  --ubm-color-surface-bg-2: #eee5d5;
apps/web/src/styles/tokens.css:104:  --ubm-color-surface-panel: #fffcf6;
apps/web/src/styles/tokens.css:105:  --ubm-color-surface-panel-2: #fbf6ec;
apps/web/src/styles/tokens.css:106:  --ubm-color-border-default: #ece2d1;
apps/web/src/styles/tokens.css:107:  --ubm-color-border-strong: #d8c9b0;
apps/web/src/styles/tokens.css:108:  --ubm-color-text-primary: #22180a;
apps/web/src/styles/tokens.css:109:  --ubm-color-text-secondary: #6b5a42;
apps/web/src/styles/tokens.css:110:  --ubm-color-text-muted: #9a8a6e;
apps/web/src/styles/tokens.css:118:  --ubm-color-surface-bg: #f1f3f5;
apps/web/src/styles/tokens.css:119:  --ubm-color-surface-bg-2: #e4e8ec;
apps/web/src/styles/tokens.css:120:  --ubm-color-surface-panel: #ffffff;
apps/web/src/styles/tokens.css:121:  --ubm-color-surface-panel-2: #f8fafc;
apps/web/src/styles/tokens.css:122:  --ubm-color-border-default: #e2e5ea;
apps/web/src/styles/tokens.css:123:  --ubm-color-border-strong: #cfd5dc;
apps/web/src/styles/tokens.css:124:  --ubm-color-text-primary: #0f1720;
apps/web/src/styles/tokens.css:125:  --ubm-color-text-secondary: #4a5563;
apps/web/src/styles/tokens.css:126:  --ubm-color-text-muted: #7c8693;
apps/web/src/styles/tokens.css:140:    --ubm-color-accent: #b08049;
apps/web/src/styles/tokens.css:141:    --ubm-color-accent-soft: #f3ece1;
apps/web/src/styles/tokens.css:142:    --ubm-color-accent-ink: #6f4f25;
apps/web/src/styles/tokens.css:143:    --ubm-color-ok: #5e8a5d;
apps/web/src/styles/tokens.css:144:    --ubm-color-ok-soft: #edf7ee;
apps/web/src/styles/tokens.css:145:    --ubm-color-warn: #c08540;
apps/web/src/styles/tokens.css:146:    --ubm-color-warn-soft: #fbf2df;
apps/web/src/styles/tokens.css:147:    --ubm-color-danger: #b34a3b;
apps/web/src/styles/tokens.css:148:    --ubm-color-danger-soft: #faece8;
apps/web/src/styles/tokens.css:149:    --ubm-color-info: #4d7da6;
apps/web/src/styles/tokens.css:150:    --ubm-color-info-soft: #ecf3fb;
apps/web/src/components/admin/hooks/__tests__/useSchemaDiffBulkSelection.spec.ts:1:// Issue #776: useSchemaDiffBulkSelection — selection / modal / submit の単体テスト
apps/web/src/components/admin/__tests__/primitive-adoption.spec.ts:5:// Issue #749 — primitive adoption import-tree assertions.
apps/web/src/components/admin/__tests__/SchemaDiffBulkResolveModal.component.spec.tsx:1:// Issue #776: SchemaDiffBulkResolveModal — modal 単体テスト
apps/web/src/components/admin/SchemaDiffBulkResolveModal.tsx:2:// Issue #776: schema alias bulk resolve — batch confirm modal。
apps/web/app/profile/_components/RequestActionPanel.tsx:25:   * 06b-followup-001 (#428): server-side pending state。
apps/web/app/opengraph-image.tsx:14:          background: "linear-gradient(135deg, #1e3a8a 0%, #3b82f6 100%)",
apps/web/app/opengraph-image.tsx:15:          color: "#ffffff",
apps/web/app/profile/_components/RequestActionPanel.component.spec.tsx:1:// TC-U-01..04 / TC-U-08..11 (06b-followup-001 #428)
apps/web/app/profile/_components/RequestActionPanel.component.spec.tsx:105:  // 06b-followup-001 (#428): server-side pending state による reload 永続性
G-5 OK arbitrary color classes 0
G-6 OK localhost hardcode 0
G-7/G-8 OK no new ui primitives or api routes
