
> ubm-hyogo@0.1.0 lint /Users/dm/dev/dev/個人開発/UBM-Hyogo/.worktrees/task-20260609-122345-wt-1
> node scripts/lint-boundaries.mjs && pnpm run lint:deps && node scripts/lint-stablekey-literal.mjs && node scripts/lint-stable-key-update.mjs --strict && pnpm verify:no-inline-style && pnpm -r lint


> ubm-hyogo@0.1.0 lint:deps /Users/dm/dev/dev/個人開発/UBM-Hyogo/.worktrees/task-20260609-122345-wt-1
> rg --files apps packages -g '*.ts' -g '*.tsx' | xargs pnpm dlx dependency-cruiser --config .dependency-cruiser.cjs


✔ no dependency violations found (2408 modules, 3759 dependencies cruised)

[stablekey-literal-lint] 3 violation(s) found (mode=warning)
  apps/api/src/testing/test-accounts/build-seed-sql.ts:30:22  string literal "fullName" — import from supply module instead (allow-list: packages/shared/src/zod/field.ts, packages/integrations/google/src/forms/mapper.ts)
  apps/api/src/testing/test-accounts/build-seed-sql.ts:30:34  string literal "occupation" — import from supply module instead (allow-list: packages/shared/src/zod/field.ts, packages/integrations/google/src/forms/mapper.ts)
  apps/api/src/testing/test-accounts/build-seed-sql.ts:30:48  string literal "ubmZone" — import from supply module instead (allow-list: packages/shared/src/zod/field.ts, packages/integrations/google/src/forms/mapper.ts)
[stable-key-update-lint] OK (mode=error, scanned=711 files)

> ubm-hyogo@0.1.0 verify:no-inline-style /Users/dm/dev/dev/個人開発/UBM-Hyogo/.worktrees/task-20260609-122345-wt-1
> bash scripts/verify-no-inline-style.sh

verify-no-inline-style: OK
Scope: 7 of 8 workspace projects
apps/og lint$ tsc -p tsconfig.json --noEmit
packages/contracts lint$ tsc -p tsconfig.json --noEmit
packages/shared lint$ tsc -p tsconfig.json --noEmit
packages/contracts lint: Done
apps/og lint: Done
packages/shared lint: Done
apps/web lint$ tsc -p tsconfig.json --noEmit && eslint 'src/**/*.{ts,tsx}'
packages/integrations lint$ tsc -p tsconfig.json --noEmit
packages/integrations/google lint$ tsc -p tsconfig.json --noEmit
packages/integrations lint: Done
packages/integrations/google lint: Done
apps/web lint: Done
apps/api lint$ tsc -p tsconfig.json --noEmit
apps/api lint: Done
