mise WARN  Config files in ~/dev/dev/個人開発/UBM-Hyogo/.worktrees/task-20260522-191851-wt-1/.mise.toml are not trusted.
Trust them with `mise trust`. See https://mise.jdx.dev/cli/trust.html for more information.

> ubm-hyogo@0.1.0 lint /Users/dm/dev/dev/個人開発/UBM-Hyogo/.worktrees/task-20260522-191851-wt-1
> node scripts/lint-boundaries.mjs && pnpm run lint:deps && node scripts/lint-stablekey-literal.mjs && node scripts/lint-stable-key-update.mjs --strict && pnpm -r lint


> ubm-hyogo@0.1.0 lint:deps /Users/dm/dev/dev/個人開発/UBM-Hyogo/.worktrees/task-20260522-191851-wt-1
> rg --files apps packages -g '*.ts' -g '*.tsx' | xargs pnpm dlx dependency-cruiser --config .dependency-cruiser.cjs

Progress: resolved 1, reused 0, downloaded 0, added 0
Progress: resolved 2, reused 0, downloaded 0, added 0
Progress: resolved 4, reused 0, downloaded 0, added 0
Progress: resolved 12, reused 0, downloaded 0, added 0
Progress: resolved 19, reused 0, downloaded 0, added 0
Progress: resolved 20, reused 0, downloaded 0, added 0
Progress: resolved 37, reused 0, downloaded 0, added 0
Progress: resolved 43, reused 0, downloaded 0, added 0
Packages: +43
+++++++++++++++++++++++++++++++++++++++++++
Progress: resolved 43, reused 1, downloaded 0, added 0
Progress: resolved 43, reused 25, downloaded 0, added 3
Progress: resolved 43, reused 25, downloaded 18, added 42
Progress: resolved 43, reused 25, downloaded 18, added 43, done

✔ no dependency violations found (1573 modules, 2315 dependencies cruised)

[stablekey-literal-lint] OK (mode=warning, scanned=430 files, stableKeys=31)
[stable-key-update-lint] OK (mode=error, scanned=529 files)
Scope: 6 of 7 workspace projects
packages/shared lint$ tsc -p tsconfig.json --noEmit
packages/contracts lint$ tsc -p tsconfig.json --noEmit
packages/contracts lint: Done
packages/shared lint: Done
packages/integrations/google lint$ tsc -p tsconfig.json --noEmit
apps/web lint$ tsc -p tsconfig.json --noEmit && eslint 'src/**/*.{ts,tsx}'
packages/integrations lint$ tsc -p tsconfig.json --noEmit
packages/integrations lint: Done
packages/integrations/google lint: Done
apps/web lint: Done
apps/api lint$ tsc -p tsconfig.json --noEmit
apps/api lint: Done
