[MR] clean output dir ...
[2m[WebServer] [22m(node:79237) Warning: The 'NO_COLOR' env is ignored due to the 'FORCE_COLOR' env being set.
[2m[WebServer] [22m(Use `node --trace-warnings ...` to show where the warning was created)
[2m[WebServer] [22m(node:79352) Warning: The 'NO_COLOR' env is ignored due to the 'FORCE_COLOR' env being set.
[2m[WebServer] [22m(Use `node --trace-warnings ...` to show where the warning was created)
[2m[WebServer] [22m(node:79545) Warning: The 'NO_COLOR' env is ignored due to the 'FORCE_COLOR' env being set.
[2m[WebServer] [22m(Use `node --trace-warnings ...` to show where the warning was created)
[2m[WebServer] [22m⚠ The "middleware" file convention is deprecated. Please use "proxy" instead. Learn more: https://nextjs.org/docs/messages/middleware-to-proxy
[2m[WebServer] [22m⚠ ../../node_modules/@prisma/instrumentation/node_modules/@opentelemetry/instrumentation/build/esm/platform/node/instrumentation.js
[2m[WebServer] [22mCritical dependency: the request of a dependency is an expression
[2m[WebServer] [22m
[2m[WebServer] [22mImport trace for requested module:
[2m[WebServer] [22m../../node_modules/@prisma/instrumentation/node_modules/@opentelemetry/instrumentation/build/esm/platform/node/instrumentation.js
[2m[WebServer] [22m../../node_modules/@prisma/instrumentation/node_modules/@opentelemetry/instrumentation/build/esm/platform/node/index.js
[2m[WebServer] [22m../../node_modules/@prisma/instrumentation/node_modules/@opentelemetry/instrumentation/build/esm/platform/index.js
[2m[WebServer] [22m../../node_modules/@prisma/instrumentation/node_modules/@opentelemetry/instrumentation/build/esm/index.js
[2m[WebServer] [22m../../node_modules/@prisma/instrumentation/dist/index.js
[2m[WebServer] [22m../../node_modules/@sentry/node/build/cjs/integrations/tracing/prisma.js
[2m[WebServer] [22m../../node_modules/@sentry/node/build/cjs/index.js
[2m[WebServer] [22m../../node_modules/@sentry/nextjs/build/cjs/index.server.js
[2m[WebServer] [22m./src/lib/sentry/capture.ts
[2m[WebServer] [22m./src/lib/logger.ts
[2m[WebServer] [22m./app/error.tsx

Running 5 tests using 1 worker

(node:81188) Warning: The 'NO_COLOR' env is ignored due to the 'FORCE_COLOR' env being set.
(Use `node --trace-warnings ...` to show where the warning was created)
(node:81188) Warning: The 'NO_COLOR' env is ignored due to the 'FORCE_COLOR' env being set.
(Use `node --trace-warnings ...` to show where the warning was created)
[2m[WebServer] [22m⚠ ../../node_modules/@prisma/instrumentation/node_modules/@opentelemetry/instrumentation/build/esm/platform/node/instrumentation.js
[2m[WebServer] [22mCritical dependency: the request of a dependency is an expression
[2m[WebServer] [22m
[2m[WebServer] [22mImport trace for requested module:
[2m[WebServer] [22m../../node_modules/@prisma/instrumentation/node_modules/@opentelemetry/instrumentation/build/esm/platform/node/instrumentation.js
[2m[WebServer] [22m../../node_modules/@prisma/instrumentation/node_modules/@opentelemetry/instrumentation/build/esm/platform/node/index.js
[2m[WebServer] [22m../../node_modules/@prisma/instrumentation/node_modules/@opentelemetry/instrumentation/build/esm/platform/index.js
[2m[WebServer] [22m../../node_modules/@prisma/instrumentation/node_modules/@opentelemetry/instrumentation/build/esm/index.js
[2m[WebServer] [22m../../node_modules/@prisma/instrumentation/dist/index.js
[2m[WebServer] [22m../../node_modules/@sentry/node/build/cjs/integrations/tracing/prisma.js
[2m[WebServer] [22m../../node_modules/@sentry/node/build/cjs/index.js
[2m[WebServer] [22m../../node_modules/@sentry/nextjs/build/cjs/index.server.js
[2m[WebServer] [22m./src/lib/sentry/capture.ts
[2m[WebServer] [22m./src/lib/logger.ts
[2m[WebServer] [22m./app/error.tsx
[2m[WebServer] [22m⚠ ../../node_modules/@prisma/instrumentation/node_modules/@opentelemetry/instrumentation/build/esm/platform/node/instrumentation.js
[2m[WebServer] [22mCritical dependency: the request of a dependency is an expression
[2m[WebServer] [22m
[2m[WebServer] [22mImport trace for requested module:
[2m[WebServer] [22m../../node_modules/@prisma/instrumentation/node_modules/@opentelemetry/instrumentation/build/esm/platform/node/instrumentation.js
[2m[WebServer] [22m../../node_modules/@prisma/instrumentation/node_modules/@opentelemetry/instrumentation/build/esm/platform/node/index.js
[2m[WebServer] [22m../../node_modules/@prisma/instrumentation/node_modules/@opentelemetry/instrumentation/build/esm/platform/index.js
[2m[WebServer] [22m../../node_modules/@prisma/instrumentation/node_modules/@opentelemetry/instrumentation/build/esm/index.js
[2m[WebServer] [22m../../node_modules/@prisma/instrumentation/dist/index.js
[2m[WebServer] [22m../../node_modules/@sentry/node/build/cjs/integrations/tracing/prisma.js
[2m[WebServer] [22m../../node_modules/@sentry/node/build/cjs/index.js
[2m[WebServer] [22m../../node_modules/@sentry/nextjs/build/cjs/index.server.js
[2m[WebServer] [22m./src/lib/sentry/capture.ts
[2m[WebServer] [22m./src/lib/logger.ts
[2m[WebServer] [22m./app/error.tsx
[2m[WebServer] [22m⚠ ../../node_modules/@prisma/instrumentation/node_modules/@opentelemetry/instrumentation/build/esm/platform/node/instrumentation.js
[2m[WebServer] [22mCritical dependency: the request of a dependency is an expression
[2m[WebServer] [22m
[2m[WebServer] [22mImport trace for requested module:
[2m[WebServer] [22m../../node_modules/@prisma/instrumentation/node_modules/@opentelemetry/instrumentation/build/esm/platform/node/instrumentation.js
[2m[WebServer] [22m../../node_modules/@prisma/instrumentation/node_modules/@opentelemetry/instrumentation/build/esm/platform/node/index.js
[2m[WebServer] [22m../../node_modules/@prisma/instrumentation/node_modules/@opentelemetry/instrumentation/build/esm/platform/index.js
[2m[WebServer] [22m../../node_modules/@prisma/instrumentation/node_modules/@opentelemetry/instrumentation/build/esm/index.js
[2m[WebServer] [22m../../node_modules/@prisma/instrumentation/dist/index.js
[2m[WebServer] [22m../../node_modules/@sentry/node/build/cjs/integrations/tracing/prisma.js
[2m[WebServer] [22m../../node_modules/@sentry/node/build/cjs/index.js
[2m[WebServer] [22m../../node_modules/@sentry/nextjs/build/cjs/index.server.js
[2m[WebServer] [22m./src/lib/sentry/capture.ts
[2m[WebServer] [22m./src/lib/logger.ts
[2m[WebServer] [22m./app/error.tsx
[2m[WebServer] [22m⚠ ../../node_modules/@prisma/instrumentation/node_modules/@opentelemetry/instrumentation/build/esm/platform/node/instrumentation.js
[2m[WebServer] [22mCritical dependency: the request of a dependency is an expression
[2m[WebServer] [22m
[2m[WebServer] [22mImport trace for requested module:
[2m[WebServer] [22m../../node_modules/@prisma/instrumentation/node_modules/@opentelemetry/instrumentation/build/esm/platform/node/instrumentation.js
[2m[WebServer] [22m../../node_modules/@prisma/instrumentation/node_modules/@opentelemetry/instrumentation/build/esm/platform/node/index.js
[2m[WebServer] [22m../../node_modules/@prisma/instrumentation/node_modules/@opentelemetry/instrumentation/build/esm/platform/index.js
[2m[WebServer] [22m../../node_modules/@prisma/instrumentation/node_modules/@opentelemetry/instrumentation/build/esm/index.js
[2m[WebServer] [22m../../node_modules/@prisma/instrumentation/dist/index.js
[2m[WebServer] [22m../../node_modules/@sentry/node/build/cjs/integrations/tracing/prisma.js
[2m[WebServer] [22m../../node_modules/@sentry/node/build/cjs/index.js
[2m[WebServer] [22m../../node_modules/@sentry/nextjs/build/cjs/index.server.js
[2m[WebServer] [22m./src/lib/sentry/capture.ts
[2m[WebServer] [22m./src/lib/logger.ts
[2m[WebServer] [22m./app/error.tsx
[2m[WebServer] [22m(node:81537) Warning: The 'NO_COLOR' env is ignored due to the 'FORCE_COLOR' env being set.
[2m[WebServer] [22m(Use `node --trace-warnings ...` to show where the warning was created)
  ✓  1 [desktop-chromium] › playwright/tests/attendance.spec.ts:7:3 › attendance visual smoke (#313) › detail: 削除済み member は候補に出ない (13.5s)
[2m[WebServer] [22m(node:82094) Warning: The 'NO_COLOR' env is ignored due to the 'FORCE_COLOR' env being set.
[2m[WebServer] [22m(Use `node --trace-warnings ...` to show where the warning was created)
  ✓  2 [desktop-chromium] › playwright/tests/attendance.spec.ts:17:3 › attendance visual smoke (#313) › detail: 登録済み member は登録済として可視化される (2.5s)
[2m[WebServer] [22m(node:82280) Warning: The 'NO_COLOR' env is ignored due to the 'FORCE_COLOR' env being set.
[2m[WebServer] [22m(Use `node --trace-warnings ...` to show where the warning was created)
  ✓  3 [desktop-chromium] › playwright/tests/attendance.spec.ts:27:3 › attendance visual smoke (#313) › detail: 登録済み member クリックで duplicate toast 表示 (1.7s)
[2m[WebServer] [22m⚠ ../../node_modules/@prisma/instrumentation/node_modules/@opentelemetry/instrumentation/build/esm/platform/node/instrumentation.js
[2m[WebServer] [22mCritical dependency: the request of a dependency is an expression
[2m[WebServer] [22m
[2m[WebServer] [22mImport trace for requested module:
[2m[WebServer] [22m../../node_modules/@prisma/instrumentation/node_modules/@opentelemetry/instrumentation/build/esm/platform/node/instrumentation.js
[2m[WebServer] [22m../../node_modules/@prisma/instrumentation/node_modules/@opentelemetry/instrumentation/build/esm/platform/node/index.js
[2m[WebServer] [22m../../node_modules/@prisma/instrumentation/node_modules/@opentelemetry/instrumentation/build/esm/platform/index.js
[2m[WebServer] [22m../../node_modules/@prisma/instrumentation/node_modules/@opentelemetry/instrumentation/build/esm/index.js
[2m[WebServer] [22m../../node_modules/@prisma/instrumentation/dist/index.js
[2m[WebServer] [22m../../node_modules/@sentry/node/build/cjs/integrations/tracing/prisma.js
[2m[WebServer] [22m../../node_modules/@sentry/node/build/cjs/index.js
[2m[WebServer] [22m../../node_modules/@sentry/nextjs/build/cjs/index.server.js
[2m[WebServer] [22m./src/lib/sentry/capture.ts
[2m[WebServer] [22m./src/lib/logger.ts
[2m[WebServer] [22m./app/error.tsx
[2m[WebServer] [22m⚠ ../../node_modules/@prisma/instrumentation/node_modules/@opentelemetry/instrumentation/build/esm/platform/node/instrumentation.js
[2m[WebServer] [22mCritical dependency: the request of a dependency is an expression
[2m[WebServer] [22m
[2m[WebServer] [22mImport trace for requested module:
[2m[WebServer] [22m../../node_modules/@prisma/instrumentation/node_modules/@opentelemetry/instrumentation/build/esm/platform/node/instrumentation.js
[2m[WebServer] [22m../../node_modules/@prisma/instrumentation/node_modules/@opentelemetry/instrumentation/build/esm/platform/node/index.js
[2m[WebServer] [22m../../node_modules/@prisma/instrumentation/node_modules/@opentelemetry/instrumentation/build/esm/platform/index.js
[2m[WebServer] [22m../../node_modules/@prisma/instrumentation/node_modules/@opentelemetry/instrumentation/build/esm/index.js
[2m[WebServer] [22m../../node_modules/@prisma/instrumentation/dist/index.js
[2m[WebServer] [22m../../node_modules/@sentry/node/build/cjs/integrations/tracing/prisma.js
[2m[WebServer] [22m../../node_modules/@sentry/node/build/cjs/index.js
[2m[WebServer] [22m../../node_modules/@sentry/nextjs/build/cjs/index.server.js
[2m[WebServer] [22m./src/lib/sentry/capture.ts
[2m[WebServer] [22m./src/lib/logger.ts
[2m[WebServer] [22m./app/error.tsx
[2m[WebServer] [22m⚠ ../../node_modules/@prisma/instrumentation/node_modules/@opentelemetry/instrumentation/build/esm/platform/node/instrumentation.js
[2m[WebServer] [22mCritical dependency: the request of a dependency is an expression
[2m[WebServer] [22m
[2m[WebServer] [22mImport trace for requested module:
[2m[WebServer] [22m../../node_modules/@prisma/instrumentation/node_modules/@opentelemetry/instrumentation/build/esm/platform/node/instrumentation.js
[2m[WebServer] [22m../../node_modules/@prisma/instrumentation/node_modules/@opentelemetry/instrumentation/build/esm/platform/node/index.js
[2m[WebServer] [22m../../node_modules/@prisma/instrumentation/node_modules/@opentelemetry/instrumentation/build/esm/platform/index.js
[2m[WebServer] [22m../../node_modules/@prisma/instrumentation/node_modules/@opentelemetry/instrumentation/build/esm/index.js
[2m[WebServer] [22m../../node_modules/@prisma/instrumentation/dist/index.js
[2m[WebServer] [22m../../node_modules/@sentry/node/build/cjs/integrations/tracing/prisma.js
[2m[WebServer] [22m../../node_modules/@sentry/node/build/cjs/index.js
[2m[WebServer] [22m../../node_modules/@sentry/nextjs/build/cjs/index.server.js
[2m[WebServer] [22m./src/lib/sentry/capture.ts
[2m[WebServer] [22m./src/lib/logger.ts
[2m[WebServer] [22m./app/error.tsx
[2m[WebServer] [22m⚠ ../../node_modules/@prisma/instrumentation/node_modules/@opentelemetry/instrumentation/build/esm/platform/node/instrumentation.js
[2m[WebServer] [22mCritical dependency: the request of a dependency is an expression
[2m[WebServer] [22m
[2m[WebServer] [22mImport trace for requested module:
[2m[WebServer] [22m../../node_modules/@prisma/instrumentation/node_modules/@opentelemetry/instrumentation/build/esm/platform/node/instrumentation.js
[2m[WebServer] [22m../../node_modules/@prisma/instrumentation/node_modules/@opentelemetry/instrumentation/build/esm/platform/node/index.js
[2m[WebServer] [22m../../node_modules/@prisma/instrumentation/node_modules/@opentelemetry/instrumentation/build/esm/platform/index.js
[2m[WebServer] [22m../../node_modules/@prisma/instrumentation/node_modules/@opentelemetry/instrumentation/build/esm/index.js
[2m[WebServer] [22m../../node_modules/@prisma/instrumentation/dist/index.js
[2m[WebServer] [22m../../node_modules/@sentry/node/build/cjs/integrations/tracing/prisma.js
[2m[WebServer] [22m../../node_modules/@sentry/node/build/cjs/index.js
[2m[WebServer] [22m../../node_modules/@sentry/nextjs/build/cjs/index.server.js
[2m[WebServer] [22m./src/lib/sentry/capture.ts
[2m[WebServer] [22m./src/lib/logger.ts
[2m[WebServer] [22m./app/error.tsx
[2m[WebServer] [22m(node:82678) Warning: The 'NO_COLOR' env is ignored due to the 'FORCE_COLOR' env being set.
[2m[WebServer] [22m(Use `node --trace-warnings ...` to show where the warning was created)
  ✓  4 [desktop-chromium] › playwright/tests/attendance.spec.ts:39:3 › attendance visual smoke (#313) › list: delete 後 attendance state が更新される (8.9s)
  ✓  5 [desktop-chromium] › playwright/tests/attendance.spec.ts:64:3 › attendance visual smoke (#313) › list: 開催日 soft delete confirm dialog が表示される (1.7s)

  5 passed (49.8s)
[MR] generating report data ...
[MR] generating test report ...
[MR] UBM-Hyogo E2E
┌─────────────┬───────────────────────┐
│ Tests       │ 5                     │
│ ├ Failed    │ 0 (0.0%)              │
│ ├ Flaky     │ 0 (0.0%)              │
│ ├ Skipped   │ 0 (0.0%)              │
│ └ Passed    │ 5 (100.0%)            │
│ Steps       │ 90                    │
│ Suites      │ 1                     │
│ ├ Projects  │ 1                     │
│ ├ Files     │ 1                     │
│ ├ Describes │ 1                     │
│ └ Shards    │ 0                     │
│ Errors      │ 0                     │
│ Retries     │ 0                     │
│ Logs        │ 12                    │
│ Attachments │ 0                     │
│ Artifacts   │ 0                     │
│ Playwright  │ v1.59.1               │
│ Date        │ 5/20/2026, 3:04:21 PM │
│ Duration    │ 49.9s                 │
└─────────────┴───────────────────────┘
[MR] json: ../../docs/30-workflows/step-06-meetings-attendance-implementation/outputs/phase-11/monocart/index.json
[MR] view report: npx monocart show-report ../../docs/30-workflows/step-06-meetings-attendance-implementation/outputs/phase-11/monocart/index.html
