[MR] clean output dir ...

Running 1 test using 1 worker

(node:72788) Warning: The 'NO_COLOR' env is ignored due to the 'FORCE_COLOR' env being set.
(Use `node --trace-warnings ...` to show where the warning was created)
(node:72788) Warning: The 'NO_COLOR' env is ignored due to the 'FORCE_COLOR' env being set.
(Use `node --trace-warnings ...` to show where the warning was created)
  ✓  1 [desktop-chromium] › playwright/tests/parallel-03-member-shell-scrape.spec.ts:26:3 › parallel-03 member AppShell runtime evidence (EV-13/EV-16) › member runtime DOM exposes AppShell data contract and captures evidence (3.2s)

  1 passed (8.1s)
[MR] generating report data ...
[MR] generating test report ...
[MR] UBM-Hyogo E2E
┌─────────────┬───────────────────────┐
│ Tests       │ 1                     │
│ ├ Failed    │ 0 (0.0%)              │
│ ├ Flaky     │ 0 (0.0%)              │
│ ├ Skipped   │ 0 (0.0%)              │
│ └ Passed    │ 1 (100.0%)            │
│ Steps       │ 31                    │
│ Suites      │ 1                     │
│ ├ Projects  │ 1                     │
│ ├ Files     │ 1                     │
│ ├ Describes │ 1                     │
│ └ Shards    │ 0                     │
│ Errors      │ 0                     │
│ Retries     │ 0                     │
│ Logs        │ 0                     │
│ Attachments │ 0                     │
│ Artifacts   │ 0                     │
│ Playwright  │ v1.59.1               │
│ Date        │ 5/25/2026, 3:28:33 PM │
│ Duration    │ 8.2s                  │
└─────────────┴───────────────────────┘
[MR] json: ../../docs/30-workflows/completed-tasks/08b-A-playwright-e2e-full-execution/outputs/phase-11/evidence/monocart/index.json
[MR] view report: npx monocart show-report ../../docs/30-workflows/completed-tasks/08b-A-playwright-e2e-full-execution/outputs/phase-11/evidence/monocart/index.html
